// Jest Snapshot v1, https://goo.gl/fbAQLP

exports[`Nav Component renders component 1`] = `ShallowWrapper {}`;
