// Jest Snapshot v1, https://goo.gl/fbAQLP

exports[`Pagination renders properly 1`] = `ShallowWrapper {}`;
