// Jest Snapshot v1, https://goo.gl/fbAQLP

exports[`Table component renders properly 1`] = `ShallowWrapper {}`;
